{"issues":[{"linter":"govet","message":"very long message segment. very long message segment. very long message segment. very long message segment. very long message segment. very long message segment. very long message segment. very long message segment. very long message segment. very long message segment. very long message segment. very long message segment. very long message segment. very long message segment. very long message segment. very long message segment. very long message segment. very long message segment. very long message segment. very long message segment. end.","severity":"error","pos":{"filename":"pkg/edge/long.go","line":1,"column":1}},{"linter":"govet","message":"first line of message\nsecond line\nthird line","severity":"warning","pos":{"filename":"pkg/edge/multiline.go","line":3,"column":5}},{"linter":"errcheck","message":"Error return value is not checked","severity":"error","pos":{"filename":"pkg/edge/path with spaces/foo.go","line":12,"column":3}}]}
