[{"description":"errcheck: Error return value of `f.Close` is not checked","check_name":"errcheck","severity":"critical","fingerprint":"96578D9B98272FD908A3AE5DBCA2AA1E","location":{"path":"pkg/a/a.go","lines":{"begin":10}}},{"description":"staticcheck: SA4006: this value of x is never used","check_name":"staticcheck","severity":"critical","fingerprint":"1CD8C9DFE64BD31C7DA222F6508D9F71","location":{"path":"pkg/a/a.go","lines":{"begin":25}}},{"description":"ineffassign: ineffectual assignment to err","check_name":"ineffassign","severity":"critical","fingerprint":"ABA5039677C4F35D6F693C1ABA78D0DA","location":{"path":"pkg/b/b.go","lines":{"begin":7}}},{"description":"unused: func unusedHelper is unused","check_name":"unused","severity":"info","fingerprint":"D700FCFCF919DE0EA99D0A574BE1D390","location":{"path":"pkg/c/c.go","lines":{"begin":100}}}]
