{"issues":[{"linter":"errcheck","message":"Error return value of `f.Close` is not checked","severity":"error","pos":{"filename":"pkg/a/a.go","line":10,"column":5}},{"linter":"staticcheck","message":"SA4006: this value of x is never used","severity":"warning","pos":{"filename":"pkg/a/a.go","line":25,"column":2}},{"linter":"ineffassign","message":"ineffectual assignment to err","severity":"warning","pos":{"filename":"pkg/b/b.go","line":7,"column":13}},{"linter":"unused","message":"func unusedHelper is unused","severity":"info","pos":{"filename":"pkg/c/c.go","line":100}}]}
